Krishna's FunPrompt $ cd ../KPAdhikari/GitTests/
Krishna's FunPrompt $ ls
Krishna's FunPrompt $ du -sh 
  0B	.
Krishna's FunPrompt $ git init
Initialized empty Git repository in /Users/kpadhikari/Desktop/BigFls/CLAS12/GitProj/KPAdhikari/GitTests/.git/
Krishna's FunPrompt $ du -sh
 60K	.
Krishna's FunPrompt $ ls -a
.    ..   .git
Krishna's FunPrompt $ ls -a .git/
.           ..          HEAD        config      description hooks       info        objects     refs
Krishna's FunPrompt $ du -sh .git/*
4.0K	.git/HEAD
4.0K	.git/config
4.0K	.git/description
 44K	.git/hooks
4.0K	.git/info
  0B	.git/objects
  0B	.git/refs
Krishna's FunPrompt $ touch gitBranchTest.txt 
Krishna's FunPrompt $ du -sh
 60K	.
Krishna's FunPrompt $ e gitBranchTest.txt &
[1] 10862
Krishna's FunPrompt $ ll
total 0
-rw-r--r--  1 kpadhikari  staff     0B Jun 26 01:43 gitBranchTest.txt
[1]+  Done                    open -a Emacs gitBranchTest.txt
Krishna's FunPrompt $ ll
total 8
-rw-r--r--  1 kpadhikari  staff   642B Jun 26 01:44 gitBranchTest.txt
-rw-r--r--  1 kpadhikari  staff     0B Jun 26 01:43 gitBranchTest.txt~
Krishna's FunPrompt $  ll
total 8
-rw-r--r--  1 kpadhikari  staff   1.1K Jun 26 01:44 gitBranchTest.txt
-rw-r--r--  1 kpadhikari  staff     0B Jun 26 01:43 gitBranchTest.txt~
Krishna's FunPrompt $ m gitBranchTest.txt~
Krishna's FunPrompt $ git status
On branch master

Initial commit

Untracked files:
  (use "git add <file>..." to include in what will be committed)

	gitBranchTest.txt
	gitBranchTest.txt~

nothing added to commit but untracked files present (use "git add" to track)
Krishna's FunPrompt $ du -sh
 64K	.
Krishna's FunPrompt $ git add gitBranchTest.txt
Krishna's FunPrompt $ git status
On branch master

Initial commit

Changes to be committed:
  (use "git rm --cached <file>..." to unstage)

	new file:   gitBranchTest.txt

Untracked files:
  (use "git add <file>..." to include in what will be committed)

	gitBranchTest.txt~

Krishna's FunPrompt $ clean
Krishna's FunPrompt $ git status
On branch master

Initial commit

Changes to be committed:
  (use "git rm --cached <file>..." to unstage)

	new file:   gitBranchTest.txt

Krishna's FunPrompt $ Krishna's FunPrompt $ git remote -v
Krishna's FunPrompt $ git add README.md
fatal: pathspec 'README.md' did not match any files
Krishna's FunPrompt $ echo "# GitTests" >> README.md
Krishna's FunPrompt $ git add README.md
Krishna's FunPrompt $ m README.md 
# GitTests
Krishna's FunPrompt $ git status
On branch master
Changes to be committed:
  (use "git reset HEAD <file>..." to unstage)

	new file:   README.md

Krishna's FunPrompt $ git status
On branch master
Changes to be committed:
  (use "git reset HEAD <file>..." to unstage)

	new file:   README.md

Changes not staged for commit:
  (use "git add <file>..." to update what will be committed)
  (use "git checkout -- <file>..." to discard changes in working directory)

	modified:   gitBranchTest.txt

Krishna's FunPrompt $ git commit -am "second commit"
[master bfee60c] second commit
 2 files changed, 16 insertions(+), 1 deletion(-)
 create mode 100644 README.md
Krishna's FunPrompt $ git status
On branch master
nothing to commit, working tree clean
Krishna's FunPrompt $ git remote add origin https://github.com/KPAdhikari/GitTests.git
Krishna's FunPrompt $ git remote -v
origin	https://github.com/KPAdhikari/GitTests.git (fetch)
origin	https://github.com/KPAdhikari/GitTests.git (push)
Krishna's FunPrompt $



Krishna's FunPrompt $ git checkout master
error: Your local changes to the following files would be overwritten by checkout:
	gitBranchTest.txt
Please commit your changes or stash them before you switch branches.
Aborting
Krishna's FunPrompt $ git commit -am "third commit on testBranch1"
[testBranch1 4c4c56d] third commit on testBranch1
 1 file changed, 30 insertions(+)
Krishna's FunPrompt $ git checkout master
Switched to branch 'master'
Your branch is up-to-date with 'origin/master'.
Krishna's FunPrompt $ git checkout -b testBranch2
Switched to a new branch 'testBranch2'
Krishna's FunPrompt $ git remote add testBranch2 https://github.com/KPAdhikari/GitTests.git
Krishna's FunPrompt $ git status
On branch testBranch2
Changes not staged for commit:
  (use "git add <file>..." to update what will be committed)
  (use "git checkout -- <file>..." to discard changes in working directory)

	modified:   gitBranchTest.txt

no changes added to commit (use "git add" and/or "git commit -a")
Krishna's FunPrompt $ git commit -am "first commit on testBranch2"
[testBranch2 4f05d31] first commit on testBranch2
 1 file changed, 17 insertions(+)
Krishna's FunPrompt $  git commit -am "second commit on testBranch2"
[testBranch2 87a47f7] second commit on testBranch2
 1 file changed, 14 insertions(+), 1 deletion(-)
Krishna's FunPrompt $ git push -u testBranch2
Username for 'https://github.com': KPAdhikari
Password for 'https://KPAdhikari@github.com': 
Counting objects: 6, done.
Delta compression using up to 4 threads.
Compressing objects: 100% (6/6), done.
Writing objects: 100% (6/6), 1003 bytes | 0 bytes/s, done.
Total 6 (delta 2), reused 0 (delta 0)
remote: Resolving deltas: 100% (2/2), completed with 1 local object.
To https://github.com/KPAdhikari/GitTests.git
 * [new branch]      testBranch2 -> testBranch2
Branch testBranch2 set up to track remote branch testBranch2 from testBranch2.
Krishna's FunPrompt $




Krishna's FunPrompt $ git commit -am "third commit on testBranch2"
[testBranch2 c01cc4c] third commit on testBranch2
 1 file changed, 15 insertions(+)
Krishna's FunPrompt $ git push -u testBranch2
Username for 'https://github.com': KPAdhikari
Password for 'https://KPAdhikari@github.com': 
Counting objects: 3, done.
Delta compression using up to 4 threads.
Compressing objects: 100% (3/3), done.
Writing objects: 100% (3/3), 703 bytes | 0 bytes/s, done.
Total 3 (delta 1), reused 0 (delta 0)
remote: Resolving deltas: 100% (1/1), completed with 1 local object.
To https://github.com/KPAdhikari/GitTests.git
   87a47f7..c01cc4c  testBranch2 -> testBranch2
Branch testBranch2 set up to track remote branch testBranch2 from testBranch2.
Krishna's FunPrompt $ git checkout master
Switched to branch 'master'
Your branch is up-to-date with 'origin/master'.
Krishna's FunPrompt $ git merge testBranch2
Updating 8847f9c..c01cc4c
Fast-forward
 gitBranchTest.txt | 45 +++++++++++++++++++++++++++++++++++++++++++++
 1 file changed, 45 insertions(+)
Krishna's FunPrompt $ git push -u master
fatal: 'master' does not appear to be a git repository
fatal: Could not read from remote repository.

Please make sure you have the correct access rights
and the repository exists.
Krishna's FunPrompt $ git push -u origin
Username for 'https://github.com': KPAdhikari
Password for 'https://KPAdhikari@github.com': 
Counting objects: 3, done.
Delta compression using up to 4 threads.
Compressing objects: 100% (3/3), done.
Writing objects: 100% (3/3), 557 bytes | 0 bytes/s, done.
Total 3 (delta 1), reused 0 (delta 0)
remote: Resolving deltas: 100% (1/1), completed with 1 local object.
To https://github.com/KPAdhikari/GitTests.git
   8847f9c..db28b24  master -> master
Branch master set up to track remote branch master from origin.
Krishna's FunPrompt $
